CLIB_32BIT_FLOATS               = $0000 ; const, public, , z80_crt0, , C:/z88dk/bin/../lib/crt/classic/crt_rules.inc:219
CLIB_64BIT_FLOATS               = $0000 ; const, public, , z80_crt0, , C:/z88dk/bin/../lib/crt/classic/crt_rules.inc:223
CLIB_BANKING_STACK_SIZE         = $0064 ; const, public, , z80_crt0, , C:/z88dk/bin/../lib/crt/classic/crt_rules.inc:123
CLIB_DEFAULT_SCREEN_MODE        = $FFFFFFFF ; const, public, , z80_crt0, , C:/z88dk/bin/../lib/crt/classic/crt_rules.inc:231
CLIB_EXIT_SCREEN_MODE           = $FFFFFFFF ; const, public, , z80_crt0, , C:/z88dk/bin/../lib/crt/classic/crt_rules.inc:236
CLIB_FIRMWARE_KEYBOARD_CLICK    = $FFFFFFFF ; const, local, , z80_crt0, , C:/z88dk/bin/../lib/crt/classic/crt_rules.inc:298
CLIB_FONT_HEIGHT                = $0008 ; const, local, , z80_crt0, , C:/z88dk/bin/../lib/crt/classic/crt_rules.inc:291
CLIB_FOPEN_MAX                  = $000A ; const, local, , z80_crt0, , C:/z88dk/bin/../lib/crt/classic/crt_rules.inc:242
CLIB_GFX_FATPIX                 = $0000 ; const, public, , z80_crt0, , C:/z88dk/bin/../lib/crt/classic/crt_rules.inc:312
CLIB_KBHIT_NOSTORE              = $0000 ; const, public, , z80_crt0, , C:/z88dk/bin/../lib/crt/classic/crt_runtime_selection.inc:594
CLIB_OPEN_MAX                   = $000A ; const, local, , z80_crt0, , C:/z88dk/bin/../lib/crt/classic/crt_rules.inc:253
CLIB_OPT_PRINTF                 = $7FFFFFFF ; const, local, , z80_crt0, , C:/z88dk/bin/../lib/crt/classic/crt_runtime_selection.inc:176
CLIB_RND_BLOCKSIZE              = $03E8 ; const, local, , z80_crt0, , C:/z88dk/bin/../lib/crt/classic/crt_rules.inc:284
CONSOLE_XOFFSET                 = $0000 ; const, public, , z80_crt0, , C:/z88dk/bin/../lib/crt/classic/crt_runtime_selection.inc:585
CONSOLE_YOFFSET                 = $0000 ; const, public, , z80_crt0, , C:/z88dk/bin/../lib/crt/classic/crt_runtime_selection.inc:589
CRT_ENABLE_STDIO                = $0001 ; const, local, , z80_crt0, , C:/z88dk/bin/../lib/crt/classic/crt_rules.inc:103
CRT_INITIALIZE_BSS              = $0001 ; const, local, , z80_crt0, , C:/z88dk/bin/../lib/crt/classic/crt_rules.inc:7
CRT_ORG_BSS                     = $8000 ; const, local, , z80_crt0, , C:/Users/jrendean/AppData/Local/Temp/zcc000035540EBF5/zcc_opt.def:4
CRT_ORG_CODE                    = $0000 ; const, local, , z80_crt0, , .\crt0.asm:30
DEFINED_CRT_ORG_BSS             = $0001 ; const, local, , z80_crt0, , C:/Users/jrendean/AppData/Local/Temp/zcc000035540EBF5/zcc_opt.def:3
DEFINED_fputc_cons              = $0001 ; const, local, , z80_crt0, , C:/z88dk/bin/../lib/crt/classic/crt_runtime_selection.inc:527
DEF__clib_banking_stack_size    = $0064 ; const, local, , z80_crt0, , C:/z88dk/bin/../lib/crt/classic/crt_defaults.inc:22
DEF__clib_gfx_fatpix            = $0000 ; const, local, , z80_crt0, , C:/z88dk/bin/../lib/crt/classic/crt_defaults.inc:24
DEF__clib_malloc_heap_size      = $FFFFFFFF ; const, local, , z80_crt0, , C:/z88dk/bin/../lib/crt/classic/crt_defaults.inc:16
DEF__crt_enable_eidi            = $0000 ; const, local, , z80_crt0, , C:/z88dk/bin/../lib/crt/classic/crt_defaults.inc:9
DEF__crt_enable_restart         = $0000 ; const, local, , z80_crt0, , C:/z88dk/bin/../lib/crt/classic/crt_defaults.inc:7
DEF__crt_interrupt_mode         = $FFFFFFFF ; const, local, , z80_crt0, , C:/z88dk/bin/../lib/crt/classic/crt_defaults.inc:10
DEF__crt_interrupt_mode_exit    = $FFFFFFFF ; const, local, , z80_crt0, , C:/z88dk/bin/../lib/crt/classic/crt_defaults.inc:11
DEF__crt_stack_size             = $FFFFFFFF ; const, local, , z80_crt0, , C:/z88dk/bin/../lib/crt/classic/crt_defaults.inc:15
IO_AM9511_BASE_PORT             = $0042 ; const, local, , z80_crt0, , C:/z88dk/bin/../lib/crt/classic/crt_rules_am9511.inc:7
SIO_A_CTRL                      = $0082 ; const, local, , hardware_asm, code_user, hardware.asm:11
SIO_A_CTRL                      = $0082 ; const, local, , z80_crt0, , .\crt0.asm:80
SIO_A_DATA                      = $0080 ; const, local, , hardware_asm, code_user, hardware.asm:10
SIO_BASE                        = $0080 ; const, local, , hardware_asm, code_user, hardware.asm:9
SIO_BASE                        = $0080 ; const, local, , z80_crt0, , .\crt0.asm:79
TAR__clib_exit_stack_size       = $0020 ; const, local, , z80_crt0, , .\crt0.asm:41
TAR__crt_enable_nmi             = $0000 ; const, local, , z80_crt0, , C:/z88dk/bin/../lib/crt/classic/crt_rules.inc:38
TAR__crt_enable_rst             = $0000 ; const, local, , z80_crt0, , .\crt0.asm:35
TAR__crt_on_exit                = $10001 ; const, local, , z80_crt0, , .\crt0.asm:43
TAR__register_sp                = $FFFFFFFF ; const, local, , z80_crt0, , .\crt0.asm:39
__BSS_END_head                  = $806D ; const, public, def, , ,
__BSS_END_size                  = $0000 ; const, public, def, , ,
__BSS_END_tail                  = $806D ; const, public, def, , ,
__BSS_head                      = $8000 ; const, public, def, , ,
__BSS_size                      = $0001 ; const, public, def, , ,
__BSS_tail                      = $8001 ; const, public, def, , ,
__CLIB_CONIO_NATIVE_COLOUR      = $0000 ; const, public, , z80_crt0, , C:/z88dk/bin/../lib/crt/classic/crt_rules.inc:172
__CLIB_DISABLE_FGETS_CURSOR     = $0000 ; const, public, , z80_crt0, , C:/z88dk/bin/../lib/crt/classic/crt_rules.inc:181
__CLIB_FGETC_CONS_DELAY         = $0032 ; const, public, , z80_crt0, , C:/z88dk/bin/../lib/crt/classic/crt_rules.inc:190
__CLIB_FIRMWARE_KEYBOARD_CLICK  = $FFFFFFFF ; const, public, , z80_crt0, , C:/z88dk/bin/../lib/crt/classic/crt_rules.inc:301
__CLIB_FONT_HEIGHT              = $0008 ; const, public, , z80_crt0, , C:/z88dk/bin/../lib/crt/classic/crt_rules.inc:294
__CLIB_KBHIT_DELAY              = $0000 ; const, public, , z80_crt0, , C:/z88dk/bin/../lib/crt/classic/crt_rules.inc:199
__CLIB_OPEN_MAX                 = $000A ; const, public, , z80_crt0, , C:/z88dk/bin/../lib/crt/classic/crt_rules.inc:257
__CLIB_OPT_IMATH                = $0000 ; const, local, , l_divu_32_32x32, , ../config_private.inc:27
__CLIB_OPT_IMATH                = $0000 ; const, local, , l_divu_64_64x8, , ../config_private.inc:27
__CODE_END_head                 = $073F ; const, public, def, , ,
__CODE_END_size                 = $0000 ; const, public, def, , ,
__CODE_END_tail                 = $073F ; const, public, def, , ,
__CODE_head                     = $0083 ; const, public, def, , ,
__CODE_size                     = $0000 ; const, public, def, , ,
__CODE_tail                     = $0083 ; const, public, def, , ,
__CPU_CLOCK                     = $3D0900 ; const, public, , z80_crt0, , .\crt0.asm:45
__CPU_Z80__                     = $0001 ; const, local, , __printf_doprint, , stdio/__printf_doprint.asm:0
__CPU_Z80__                     = $0001 ; const, local, , __printf_print_aligned, , stdio/__printf_print_aligned.asm:0
__CRT_KEY_CAPS_LOCK             = $0006 ; const, public, , z80_crt0, , C:/z88dk/bin/../lib/crt/classic/crt_rules.inc:160
__CRT_KEY_DEL                   = $0008 ; const, public, , z80_crt0, , C:/z88dk/bin/../lib/crt/classic/crt_rules.inc:153
__DATA_END_head                 = $806D ; const, public, def, , ,
__DATA_END_size                 = $0000 ; const, public, def, , ,
__DATA_END_tail                 = $806D ; const, public, def, , ,
__DATA_head                     = $806C ; const, public, def, , ,
__DATA_size                     = $0001 ; const, public, def, , ,
__DATA_tail                     = $806D ; const, public, def, , ,
__Exit                          = $005F ; addr, public, , z80_crt0, , .\crt0.asm:102
__FOPEN_MAX                     = $000A ; const, public, , z80_crt0, , C:/z88dk/bin/../lib/crt/classic/crt_rules.inc:245
__IO_AM9511_BASE_PORT           = $0042 ; const, public, , z80_crt0, , C:/z88dk/bin/../lib/crt/classic/crt_rules_am9511.inc:11
__MMAP                          = $0000 ; const, local, , z80_crt0, , C:/z88dk/bin/../lib/crt/classic/crt_rules.inc:322
__RND_BLOCKSIZE                 = $03E8 ; const, public, , z80_crt0, , C:/z88dk/bin/../lib/crt/classic/crt_rules.inc:287
__RODATA_END_head               = $078E ; const, public, def, , ,
__RODATA_END_size               = $0000 ; const, public, def, , ,
__RODATA_END_tail               = $078E ; const, public, def, , ,
__RODATA_head                   = $073F ; const, public, def, , ,
__RODATA_size                   = $0000 ; const, public, def, , ,
__RODATA_tail                   = $073F ; const, public, def, , ,
__ROMABLE_END_head              = $078E ; const, public, def, , ,
__ROMABLE_END_size              = $0000 ; const, public, def, , ,
__ROMABLE_END_tail              = $078E ; const, public, def, , ,
___fchkstd                      = $022A ; addr, public, , stdio_fchkstd_c, code_compiler, stdio/fchkstd.c::fchkstd::0::0:22
___writebyte                    = $0635 ; addr, public, , writebyte, code_clib, writebyte.asm:14
__bss_PSGlib_head               = $806C ; const, public, def, , ,
__bss_PSGlib_size               = $0000 ; const, public, def, , ,
__bss_PSGlib_tail               = $806C ; const, public, def, , ,
__bss_alloc_balloc_head         = $806C ; const, public, def, , ,
__bss_alloc_balloc_size         = $0000 ; const, public, def, , ,
__bss_alloc_balloc_tail         = $806C ; const, public, def, , ,
__bss_arch_head                 = $8069 ; const, public, def, , ,
__bss_arch_size                 = $0000 ; const, public, def, , ,
__bss_arch_tail                 = $8069 ; const, public, def, , ,
__bss_clib_head                 = $8069 ; const, public, def, , ,
__bss_clib_size                 = $0003 ; const, public, def, , ,
__bss_clib_tail                 = $806C ; const, public, def, , ,
__bss_compiler_head             = $8069 ; const, public, def, , ,
__bss_compiler_size             = $0000 ; const, public, def, , ,
__bss_compiler_tail             = $8069 ; const, public, def, , ,
__bss_compress_aplib_head       = $8001 ; const, public, def, , ,
__bss_compress_aplib_size       = $0000 ; const, public, def, , ,
__bss_compress_aplib_tail       = $8001 ; const, public, def, , ,
__bss_crt_head                  = $8003 ; const, public, def, , ,
__bss_crt_size                  = $0066 ; const, public, def, , ,
__bss_crt_tail                  = $8069 ; const, public, def, , ,
__bss_driver_head               = $8069 ; const, public, def, , ,
__bss_driver_size               = $0000 ; const, public, def, , ,
__bss_driver_tail               = $8069 ; const, public, def, , ,
__bss_error_head                = $8001 ; const, public, def, , ,
__bss_error_size                = $0002 ; const, public, def, , ,
__bss_error_tail                = $8003 ; const, public, def, , ,
__bss_far_head                  = $8069 ; const, public, def, , ,
__bss_far_size                  = $0000 ; const, public, def, , ,
__bss_far_tail                  = $8069 ; const, public, def, , ,
__bss_fardata_head              = $8069 ; const, public, def, , ,
__bss_fardata_size              = $0000 ; const, public, def, , ,
__bss_fardata_tail              = $8069 ; const, public, def, , ,
__bss_fp_am9511_head            = $8001 ; const, public, def, , ,
__bss_fp_am9511_size            = $0000 ; const, public, def, , ,
__bss_fp_am9511_tail            = $8001 ; const, public, def, , ,
__bss_fp_dai32_head             = $8001 ; const, public, def, , ,
__bss_fp_dai32_size             = $0000 ; const, public, def, , ,
__bss_fp_dai32_tail             = $8001 ; const, public, def, , ,
__bss_fp_head                   = $8001 ; const, public, def, , ,
__bss_fp_math16_head            = $8001 ; const, public, def, , ,
__bss_fp_math16_size            = $0000 ; const, public, def, , ,
__bss_fp_math16_tail            = $8001 ; const, public, def, , ,
__bss_fp_math32_head            = $8001 ; const, public, def, , ,
__bss_fp_math32_size            = $0000 ; const, public, def, , ,
__bss_fp_math32_tail            = $8001 ; const, public, def, , ,
__bss_fp_mbf32_head             = $8001 ; const, public, def, , ,
__bss_fp_mbf32_size             = $0000 ; const, public, def, , ,
__bss_fp_mbf32_tail             = $8001 ; const, public, def, , ,
__bss_fp_mbf64_head             = $8001 ; const, public, def, , ,
__bss_fp_mbf64_size             = $0000 ; const, public, def, , ,
__bss_fp_mbf64_tail             = $8001 ; const, public, def, , ,
__bss_fp_size                   = $0000 ; const, public, def, , ,
__bss_fp_tail                   = $8001 ; const, public, def, , ,
__bss_graphics_head             = $806C ; const, public, def, , ,
__bss_graphics_size             = $0000 ; const, public, def, , ,
__bss_graphics_tail             = $806C ; const, public, def, , ,
__bss_psg_head                  = $806C ; const, public, def, , ,
__bss_psg_size                  = $0000 ; const, public, def, , ,
__bss_psg_tail                  = $806C ; const, public, def, , ,
__bss_sound_ay_head             = $806C ; const, public, def, , ,
__bss_sound_ay_size             = $0000 ; const, public, def, , ,
__bss_sound_ay_tail             = $806C ; const, public, def, , ,
__bss_splib2_head               = $806C ; const, public, def, , ,
__bss_splib2_size               = $0000 ; const, public, def, , ,
__bss_splib2_tail               = $806C ; const, public, def, , ,
__bss_string_head               = $806C ; const, public, def, , ,
__bss_string_size               = $0000 ; const, public, def, , ,
__bss_string_tail               = $806C ; const, public, def, , ,
__bss_user_head                 = $806C ; const, public, def, , ,
__bss_user_size                 = $0000 ; const, public, def, , ,
__bss_user_tail                 = $806C ; const, public, def, , ,
__bss_video_vdp_head            = $806C ; const, public, def, , ,
__bss_video_vdp_size            = $0000 ; const, public, def, , ,
__bss_video_vdp_tail            = $806C ; const, public, def, , ,
__clib_exit_stack_size          = $0020 ; const, public, , z80_crt0, , C:/z88dk/bin/../lib/crt/classic/crt_rules.inc:110
__clib_malloc_heap_size         = $FFFFFFFF ; const, local, , z80_crt0, , C:/z88dk/bin/../lib/crt/classic/crt_rules.inc:144
__code_PSGlib_head              = $073F ; const, public, def, , ,
__code_PSGlib_size              = $0000 ; const, public, def, , ,
__code_PSGlib_tail              = $073F ; const, public, def, , ,
__code_adt_b_array_head         = $073F ; const, public, def, , ,
__code_adt_b_array_size         = $0000 ; const, public, def, , ,
__code_adt_b_array_tail         = $073F ; const, public, def, , ,
__code_adt_b_vector_head        = $073F ; const, public, def, , ,
__code_adt_b_vector_size        = $0000 ; const, public, def, , ,
__code_adt_b_vector_tail        = $073F ; const, public, def, , ,
__code_adt_ba_priority_queue_head = $073F ; const, public, def, , ,
__code_adt_ba_priority_queue_size = $0000 ; const, public, def, , ,
__code_adt_ba_priority_queue_tail = $073F ; const, public, def, , ,
__code_adt_ba_stack_head        = $073F ; const, public, def, , ,
__code_adt_ba_stack_size        = $0000 ; const, public, def, , ,
__code_adt_ba_stack_tail        = $073F ; const, public, def, , ,
__code_adt_bv_priority_queue_head = $073F ; const, public, def, , ,
__code_adt_bv_priority_queue_size = $0000 ; const, public, def, , ,
__code_adt_bv_priority_queue_tail = $073F ; const, public, def, , ,
__code_adt_bv_stack_head        = $073F ; const, public, def, , ,
__code_adt_bv_stack_size        = $0000 ; const, public, def, , ,
__code_adt_bv_stack_tail        = $073F ; const, public, def, , ,
__code_adt_p_forward_list_alt_head = $073F ; const, public, def, , ,
__code_adt_p_forward_list_alt_size = $0000 ; const, public, def, , ,
__code_adt_p_forward_list_alt_tail = $073F ; const, public, def, , ,
__code_adt_p_forward_list_head  = $073F ; const, public, def, , ,
__code_adt_p_forward_list_size  = $0000 ; const, public, def, , ,
__code_adt_p_forward_list_tail  = $073F ; const, public, def, , ,
__code_adt_p_list_head          = $073F ; const, public, def, , ,
__code_adt_p_list_size          = $0000 ; const, public, def, , ,
__code_adt_p_list_tail          = $073F ; const, public, def, , ,
__code_adt_p_queue_head         = $073F ; const, public, def, , ,
__code_adt_p_queue_size         = $0000 ; const, public, def, , ,
__code_adt_p_queue_tail         = $073F ; const, public, def, , ,
__code_adt_p_stack_head         = $073F ; const, public, def, , ,
__code_adt_p_stack_size         = $0000 ; const, public, def, , ,
__code_adt_p_stack_tail         = $073F ; const, public, def, , ,
__code_adt_w_array_head         = $073F ; const, public, def, , ,
__code_adt_w_array_size         = $0000 ; const, public, def, , ,
__code_adt_w_array_tail         = $073F ; const, public, def, , ,
__code_adt_w_vector_head        = $073F ; const, public, def, , ,
__code_adt_w_vector_size        = $0000 ; const, public, def, , ,
__code_adt_w_vector_tail        = $073F ; const, public, def, , ,
__code_adt_wa_priority_queue_head = $073F ; const, public, def, , ,
__code_adt_wa_priority_queue_size = $0000 ; const, public, def, , ,
__code_adt_wa_priority_queue_tail = $073F ; const, public, def, , ,
__code_adt_wa_stack_head        = $073F ; const, public, def, , ,
__code_adt_wa_stack_size        = $0000 ; const, public, def, , ,
__code_adt_wa_stack_tail        = $073F ; const, public, def, , ,
__code_adt_wv_priority_queue_head = $073F ; const, public, def, , ,
__code_adt_wv_priority_queue_size = $0000 ; const, public, def, , ,
__code_adt_wv_priority_queue_tail = $073F ; const, public, def, , ,
__code_adt_wv_stack_head        = $073F ; const, public, def, , ,
__code_adt_wv_stack_size        = $0000 ; const, public, def, , ,
__code_adt_wv_stack_tail        = $073F ; const, public, def, , ,
__code_alloc_balloc_head        = $073F ; const, public, def, , ,
__code_alloc_balloc_size        = $0000 ; const, public, def, , ,
__code_alloc_balloc_tail        = $073F ; const, public, def, , ,
__code_alloc_obstack_head       = $073F ; const, public, def, , ,
__code_alloc_obstack_size       = $0000 ; const, public, def, , ,
__code_alloc_obstack_tail       = $073F ; const, public, def, , ,
__code_arch_head                = $073F ; const, public, def, , ,
__code_arch_size                = $0000 ; const, public, def, , ,
__code_arch_tail                = $073F ; const, public, def, , ,
__code_bifrost2_head            = $073F ; const, public, def, , ,
__code_bifrost2_size            = $0000 ; const, public, def, , ,
__code_bifrost2_tail            = $073F ; const, public, def, , ,
__code_clib_head                = $0241 ; const, public, def, , ,
__code_clib_size                = $03F5 ; const, public, def, , ,
__code_clib_tail                = $0636 ; const, public, def, , ,
__code_compiler_head            = $01A9 ; const, public, def, , ,
__code_compiler_size            = $0098 ; const, public, def, , ,
__code_compiler_tail            = $0241 ; const, public, def, , ,
__code_compress_aplib_head      = $0636 ; const, public, def, , ,
__code_compress_aplib_size      = $0000 ; const, public, def, , ,
__code_compress_aplib_tail      = $0636 ; const, public, def, , ,
__code_compress_zx0_head        = $0636 ; const, public, def, , ,
__code_compress_zx0_size        = $0000 ; const, public, def, , ,
__code_compress_zx0_tail        = $0636 ; const, public, def, , ,
__code_compress_zx1_head        = $0636 ; const, public, def, , ,
__code_compress_zx1_size        = $0000 ; const, public, def, , ,
__code_compress_zx1_tail        = $0636 ; const, public, def, , ,
__code_compress_zx2_head        = $0636 ; const, public, def, , ,
__code_compress_zx2_size        = $0000 ; const, public, def, , ,
__code_compress_zx2_tail        = $0636 ; const, public, def, , ,
__code_compress_zx7_head        = $0636 ; const, public, def, , ,
__code_compress_zx7_size        = $0000 ; const, public, def, , ,
__code_compress_zx7_tail        = $0636 ; const, public, def, , ,
__code_crt_exit_exit_head       = $00AB ; const, public, def, , ,
__code_crt_exit_exit_size       = $0001 ; const, public, def, , ,
__code_crt_exit_exit_tail       = $00AC ; const, public, def, , ,
__code_crt_exit_head            = $00AB ; const, public, def, , ,
__code_crt_exit_size            = $0000 ; const, public, def, , ,
__code_crt_exit_tail            = $00AB ; const, public, def, , ,
__code_crt_init_exit_head       = $00AA ; const, public, def, , ,
__code_crt_init_exit_size       = $0001 ; const, public, def, , ,
__code_crt_init_exit_tail       = $00AB ; const, public, def, , ,
__code_crt_init_head            = $0083 ; const, public, def, , ,
__code_crt_init_size            = $0027 ; const, public, def, , ,
__code_crt_init_tail            = $00AA ; const, public, def, , ,
__code_ctype_head               = $0636 ; const, public, def, , ,
__code_ctype_size               = $000A ; const, public, def, , ,
__code_ctype_tail               = $0640 ; const, public, def, , ,
__code_driver_head              = $00AC ; const, public, def, , ,
__code_driver_size              = $0000 ; const, public, def, , ,
__code_driver_tail              = $00AC ; const, public, def, , ,
__code_error_head               = $06B3 ; const, public, def, , ,
__code_error_size               = $003B ; const, public, def, , ,
__code_error_tail               = $06EE ; const, public, def, , ,
__code_esxdos_head              = $0640 ; const, public, def, , ,
__code_esxdos_size              = $0000 ; const, public, def, , ,
__code_esxdos_tail              = $0640 ; const, public, def, , ,
__code_far_head                 = $01A9 ; const, public, def, , ,
__code_far_size                 = $0000 ; const, public, def, , ,
__code_far_tail                 = $01A9 ; const, public, def, , ,
__code_font_fzx_head            = $073F ; const, public, def, , ,
__code_font_fzx_size            = $0000 ; const, public, def, , ,
__code_font_fzx_tail            = $073F ; const, public, def, , ,
__code_font_head                = $073F ; const, public, def, , ,
__code_font_size                = $0000 ; const, public, def, , ,
__code_font_tail                = $073F ; const, public, def, , ,
__code_fp_am9511_head           = $0640 ; const, public, def, , ,
__code_fp_am9511_size           = $0000 ; const, public, def, , ,
__code_fp_am9511_tail           = $0640 ; const, public, def, , ,
__code_fp_dai32_head            = $0640 ; const, public, def, , ,
__code_fp_dai32_size            = $0000 ; const, public, def, , ,
__code_fp_dai32_tail            = $0640 ; const, public, def, , ,
__code_fp_head                  = $0640 ; const, public, def, , ,
__code_fp_math16_head           = $0640 ; const, public, def, , ,
__code_fp_math16_size           = $0000 ; const, public, def, , ,
__code_fp_math16_tail           = $0640 ; const, public, def, , ,
__code_fp_math32_head           = $0640 ; const, public, def, , ,
__code_fp_math32_size           = $0000 ; const, public, def, , ,
__code_fp_math32_tail           = $0640 ; const, public, def, , ,
__code_fp_math48_head           = $0640 ; const, public, def, , ,
__code_fp_math48_size           = $0000 ; const, public, def, , ,
__code_fp_math48_tail           = $0640 ; const, public, def, , ,
__code_fp_mbf32_head            = $0640 ; const, public, def, , ,
__code_fp_mbf32_size            = $0000 ; const, public, def, , ,
__code_fp_mbf32_tail            = $0640 ; const, public, def, , ,
__code_fp_mbf64_head            = $0640 ; const, public, def, , ,
__code_fp_mbf64_size            = $0000 ; const, public, def, , ,
__code_fp_mbf64_tail            = $0640 ; const, public, def, , ,
__code_fp_size                  = $0000 ; const, public, def, , ,
__code_fp_tail                  = $0640 ; const, public, def, , ,
__code_graphics_head            = $073F ; const, public, def, , ,
__code_graphics_size            = $0000 ; const, public, def, , ,
__code_graphics_tail            = $073F ; const, public, def, , ,
__code_home_head                = $01A9 ; const, public, def, , ,
__code_home_size                = $0000 ; const, public, def, , ,
__code_home_tail                = $01A9 ; const, public, def, , ,
__code_l_clang_head             = $01A9 ; const, public, def, , ,
__code_l_clang_size             = $0000 ; const, public, def, , ,
__code_l_clang_tail             = $01A9 ; const, public, def, , ,
__code_l_head                   = $00AC ; const, public, def, , ,
__code_l_sccz80_far_head        = $01A9 ; const, public, def, , ,
__code_l_sccz80_far_size        = $0000 ; const, public, def, , ,
__code_l_sccz80_far_tail        = $01A9 ; const, public, def, , ,
__code_l_sccz80_head            = $0167 ; const, public, def, , ,
__code_l_sccz80_size            = $0042 ; const, public, def, , ,
__code_l_sccz80_tail            = $01A9 ; const, public, def, , ,
__code_l_sdcc_head              = $0167 ; const, public, def, , ,
__code_l_sdcc_size              = $0000 ; const, public, def, , ,
__code_l_sdcc_tail              = $0167 ; const, public, def, , ,
__code_l_size                   = $00BB ; const, public, def, , ,
__code_l_tail                   = $0167 ; const, public, def, , ,
__code_math_head                = $0640 ; const, public, def, , ,
__code_math_size                = $0073 ; const, public, def, , ,
__code_math_tail                = $06B3 ; const, public, def, , ,
__code_psg_head                 = $073F ; const, public, def, , ,
__code_psg_size                 = $0000 ; const, public, def, , ,
__code_psg_tail                 = $073F ; const, public, def, , ,
__code_sound_ay_head            = $073F ; const, public, def, , ,
__code_sound_ay_size            = $0000 ; const, public, def, , ,
__code_sound_ay_tail            = $073F ; const, public, def, , ,
__code_sound_bit_head           = $073F ; const, public, def, , ,
__code_sound_bit_size           = $0000 ; const, public, def, , ,
__code_sound_bit_tail           = $073F ; const, public, def, , ,
__code_splib2_head              = $073F ; const, public, def, , ,
__code_splib2_size              = $0000 ; const, public, def, , ,
__code_splib2_tail              = $073F ; const, public, def, , ,
__code_sprite_sp1_head          = $073F ; const, public, def, , ,
__code_sprite_sp1_size          = $0000 ; const, public, def, , ,
__code_sprite_sp1_tail          = $073F ; const, public, def, , ,
__code_stdlib_head              = $06EE ; const, public, def, , ,
__code_stdlib_size              = $0046 ; const, public, def, , ,
__code_stdlib_tail              = $0734 ; const, public, def, , ,
__code_string_head              = $0734 ; const, public, def, , ,
__code_string_size              = $000B ; const, public, def, , ,
__code_string_tail              = $073F ; const, public, def, , ,
__code_temp_sp1_head            = $073F ; const, public, def, , ,
__code_temp_sp1_size            = $0000 ; const, public, def, , ,
__code_temp_sp1_tail            = $073F ; const, public, def, , ,
__code_time_head                = $073F ; const, public, def, , ,
__code_time_size                = $0000 ; const, public, def, , ,
__code_time_tail                = $073F ; const, public, def, , ,
__code_user_head                = $0066 ; const, public, def, , ,
__code_user_size                = $001D ; const, public, def, , ,
__code_user_tail                = $0083 ; const, public, def, , ,
__code_video_vdp_head           = $073F ; const, public, def, , ,
__code_video_vdp_size           = $0000 ; const, public, def, , ,
__code_video_vdp_tail           = $073F ; const, public, def, , ,
__code_z80_head                 = $01A9 ; const, public, def, , ,
__code_z80_size                 = $0000 ; const, public, def, , ,
__code_z80_tail                 = $01A9 ; const, public, def, , ,
__crt_enable_eidi               = $0000 ; const, local, , z80_crt0, , C:/z88dk/bin/../lib/crt/classic/crt_rules.inc:74
__crt_enable_nmi                = $0000 ; const, local, , z80_crt0, , C:/z88dk/bin/../lib/crt/classic/crt_rules.inc:40
__crt_enable_restart            = $0000 ; const, local, , z80_crt0, , C:/z88dk/bin/../lib/crt/classic/crt_rules.inc:49
__crt_enable_rst                = $0000 ; const, local, , z80_crt0, , C:/z88dk/bin/../lib/crt/classic/crt_rules.inc:31
__crt_interrupt_mode            = $FFFFFFFF ; const, local, , z80_crt0, , C:/z88dk/bin/../lib/crt/classic/crt_rules.inc:84
__crt_interrupt_mode_exit       = $FFFFFFFF ; const, local, , z80_crt0, , C:/z88dk/bin/../lib/crt/classic/crt_rules.inc:94
__crt_model                     = $0001 ; const, local, , z80_crt0, , .\crt0.asm:122
__crt_on_exit                   = $10001 ; const, local, , z80_crt0, , C:/z88dk/bin/../lib/crt/classic/crt_rules.inc:60
__crt_org_bss                   = $8000 ; const, local, , z80_crt0, , .\crt0.asm:26
__crt_stack_size                = $FFFFFFFF ; const, local, , z80_crt0, , C:/z88dk/bin/../lib/crt/classic/crt_rules.inc:134
__data_PSGlib_head              = $806D ; const, public, def, , ,
__data_PSGlib_size              = $0000 ; const, public, def, , ,
__data_PSGlib_tail              = $806D ; const, public, def, , ,
__data_align_128_head           = $806D ; const, public, def, , ,
__data_align_128_size           = $0000 ; const, public, def, , ,
__data_align_128_tail           = $806D ; const, public, def, , ,
__data_align_16_head            = $806D ; const, public, def, , ,
__data_align_16_size            = $0000 ; const, public, def, , ,
__data_align_16_tail            = $806D ; const, public, def, , ,
__data_align_256_head           = $806D ; const, public, def, , ,
__data_align_256_size           = $0000 ; const, public, def, , ,
__data_align_256_tail           = $806D ; const, public, def, , ,
__data_align_2_head             = $806D ; const, public, def, , ,
__data_align_2_size             = $0000 ; const, public, def, , ,
__data_align_2_tail             = $806D ; const, public, def, , ,
__data_align_32_head            = $806D ; const, public, def, , ,
__data_align_32_size            = $0000 ; const, public, def, , ,
__data_align_32_tail            = $806D ; const, public, def, , ,
__data_align_4_head             = $806D ; const, public, def, , ,
__data_align_4_size             = $0000 ; const, public, def, , ,
__data_align_4_tail             = $806D ; const, public, def, , ,
__data_align_64_head            = $806D ; const, public, def, , ,
__data_align_64_size            = $0000 ; const, public, def, , ,
__data_align_64_tail            = $806D ; const, public, def, , ,
__data_align_8_head             = $806D ; const, public, def, , ,
__data_align_8_size             = $0000 ; const, public, def, , ,
__data_align_8_tail             = $806D ; const, public, def, , ,
__data_alloc_balloc_head        = $806D ; const, public, def, , ,
__data_alloc_balloc_size        = $0000 ; const, public, def, , ,
__data_alloc_balloc_tail        = $806D ; const, public, def, , ,
__data_arch_head                = $806D ; const, public, def, , ,
__data_arch_size                = $0000 ; const, public, def, , ,
__data_arch_tail                = $806D ; const, public, def, , ,
__data_clib_head                = $806D ; const, public, def, , ,
__data_clib_size                = $0000 ; const, public, def, , ,
__data_clib_tail                = $806D ; const, public, def, , ,
__data_compiler_head            = $806D ; const, public, def, , ,
__data_compiler_size            = $0000 ; const, public, def, , ,
__data_compiler_tail            = $806D ; const, public, def, , ,
__data_crt_head                 = $806D ; const, public, def, , ,
__data_crt_size                 = $0000 ; const, public, def, , ,
__data_crt_tail                 = $806D ; const, public, def, , ,
__data_driver_head              = $806D ; const, public, def, , ,
__data_driver_size              = $0000 ; const, public, def, , ,
__data_driver_tail              = $806D ; const, public, def, , ,
__data_far_head                 = $806D ; const, public, def, , ,
__data_far_size                 = $0000 ; const, public, def, , ,
__data_far_tail                 = $806D ; const, public, def, , ,
__data_fp_mbf32_head            = $806D ; const, public, def, , ,
__data_fp_mbf32_size            = $0000 ; const, public, def, , ,
__data_fp_mbf32_tail            = $806D ; const, public, def, , ,
__data_graphics_head            = $806D ; const, public, def, , ,
__data_graphics_size            = $0000 ; const, public, def, , ,
__data_graphics_tail            = $806D ; const, public, def, , ,
__data_psg_head                 = $806D ; const, public, def, , ,
__data_psg_size                 = $0000 ; const, public, def, , ,
__data_psg_tail                 = $806D ; const, public, def, , ,
__data_sound_ay_head            = $806D ; const, public, def, , ,
__data_sound_ay_size            = $0000 ; const, public, def, , ,
__data_sound_ay_tail            = $806D ; const, public, def, , ,
__data_splib2_head              = $806D ; const, public, def, , ,
__data_splib2_size              = $0000 ; const, public, def, , ,
__data_splib2_tail              = $806D ; const, public, def, , ,
__data_stdlib_head              = $806D ; const, public, def, , ,
__data_stdlib_size              = $0000 ; const, public, def, , ,
__data_stdlib_tail              = $806D ; const, public, def, , ,
__data_user_head                = $806D ; const, public, def, , ,
__data_user_size                = $0000 ; const, public, def, , ,
__data_user_tail                = $806D ; const, public, def, , ,
__data_video_vdp_head           = $806D ; const, public, def, , ,
__data_video_vdp_size           = $0000 ; const, public, def, , ,
__data_video_vdp_tail           = $806D ; const, public, def, , ,
__exit_atexit_count             = $8069 ; addr, public, , exit_vars, bss_clib, stdlib/exit_vars.asm:8
__exit_atexit_funcs             = $806A ; addr, public, , exit_vars, bss_clib, stdlib/exit_vars.asm:9
__head                          = $0000 ; const, public, def, , ,
__printf_doprint                = $02F8 ; addr, public, , __printf_doprint, code_clib, stdio/__printf_doprint.asm:13
__printf_format_search_loop     = $02E1 ; addr, public, , asm_printf, code_clib, stdio/asm_printf.asm:247
__printf_format_table64         = $0774 ; addr, public, , __printf_format_table64, rodata_clib, stdio/__printf_format_table64.asm:18
__printf_format_table           = $0752 ; addr, public, , __printf_format_table, rodata_clib, stdio/__printf_format_table.asm:25
__printf_get_buffer_address     = $058B ; addr, public, , __printf_get_buffer_address, code_clib, stdio/__printf_get_buffer_address.asm:12
__printf_get_flags              = $032F ; addr, public, , __printf_format_table, rodata_clib, stdio/__printf_format_table.asm:23
__printf_get_flags_impl         = $032F ; addr, public, , __printf_get_flags_impl, code_clib, stdio/__printf_get_flags_impl.asm:13
__printf_get_flags_noop         = $02AB ; addr, public, , asm_printf, code_clib, stdio/asm_printf.asm:189
__printf_handle_B               = $03A8 ; addr, public, , __printf_handle_B, code_clib, stdio/__printf_handle_B.asm:9
__printf_handle_X               = $03B5 ; addr, public, , __printf_handle_X, code_clib, stdio/__printf_handle_XX.asm:9
__printf_handle_c               = $03C6 ; addr, public, , __printf_handle_c, code_clib, stdio/__printf_handle_c.asm:10
__printf_handle_d               = $03D2 ; addr, public, , __printf_handle_d, code_clib, stdio/__printf_handle_d.asm:6
__printf_handle_ll              = $03D7 ; addr, public, , __printf_handle_ll, code_clib, stdio/__printf_handle_ll.asm:11
__printf_handle_llB             = $03E0 ; addr, public, , __printf_handle_llB, code_clib, stdio/__printf_handle_llB.asm:7
__printf_handle_llX             = $03ED ; addr, public, , __printf_handle_llX, code_clib, stdio/__printf_handle_llXX.asm:7
__printf_handle_lld             = $03FE ; addr, public, , __printf_handle_lld, code_clib, stdio/__printf_handle_lld.asm:7
__printf_handle_llo             = $0403 ; addr, public, , __printf_handle_llo, code_clib, stdio/__printf_handle_llo.asm:7
__printf_handle_llu             = $040C ; addr, public, , __printf_handle_llu, code_clib, stdio/__printf_handle_llu.asm:7
__printf_handle_llx             = $0411 ; addr, public, , __printf_handle_llx, code_clib, stdio/__printf_handle_llx.asm:7
__printf_handle_n               = $041E ; addr, public, , __printf_handle_n, code_clib, stdio/__printf_handle_n.asm:10
__printf_handle_o               = $042F ; addr, public, , __printf_handle_o, code_clib, stdio/__printf_handle_o.asm:7
__printf_handle_p               = $0465 ; addr, public, , __printf_handle_x, code_clib, stdio/__printf_handle_x.asm:12
__printf_handle_s               = $0438 ; addr, public, , __printf_handle_s, code_clib, stdio/__printf_handle_s.asm:12
__printf_handle_u               = $0460 ; addr, public, , __printf_handle_u, code_clib, stdio/__printf_handle_u.asm:6
__printf_handle_x               = $0465 ; addr, public, , __printf_handle_x, code_clib, stdio/__printf_handle_x.asm:11
__printf_loop                   = $0292 ; addr, public, , asm_printf, code_clib, stdio/asm_printf.asm:130
__printf_number64               = $050B ; addr, public, , __printf_number64, code_clib, stdio/__printf_number64.asm:35
__printf_number                 = $0472 ; addr, public, , __printf_number, code_clib, stdio/__printf_number.asm:28
__printf_pickup_far             = $019C ; addr, public, , __printf_0_early_override, , stdio/__printf_0_early_override.asm:20
__printf_print_aligned          = $0593 ; addr, public, , __printf_print_aligned, code_clib, stdio/__printf_print_aligned.asm:18
__printf_print_the_buffer       = $05E4 ; addr, public, , __printf_print_the_buffer, code_clib, stdio/__printf_print_the_buffer.asm:12
__printf_print_to_buf           = $05F6 ; addr, public, , __printf_print_to_buf, code_clib, stdio/__printf_print_to_buf.asm:11
__register_sp                   = $FFFFFFFF ; const, local, , z80_crt0, , C:/z88dk/bin/../lib/crt/classic/crt_rules.inc:17
__rodata_align_128_head         = $078E ; const, public, def, , ,
__rodata_align_128_size         = $0000 ; const, public, def, , ,
__rodata_align_128_tail         = $078E ; const, public, def, , ,
__rodata_align_16_head          = $078E ; const, public, def, , ,
__rodata_align_16_size          = $0000 ; const, public, def, , ,
__rodata_align_16_tail          = $078E ; const, public, def, , ,
__rodata_align_256_head         = $078E ; const, public, def, , ,
__rodata_align_256_size         = $0000 ; const, public, def, , ,
__rodata_align_256_tail         = $078E ; const, public, def, , ,
__rodata_align_2_head           = $078E ; const, public, def, , ,
__rodata_align_2_size           = $0000 ; const, public, def, , ,
__rodata_align_2_tail           = $078E ; const, public, def, , ,
__rodata_align_32_head          = $078E ; const, public, def, , ,
__rodata_align_32_size          = $0000 ; const, public, def, , ,
__rodata_align_32_tail          = $078E ; const, public, def, , ,
__rodata_align_4_head           = $078E ; const, public, def, , ,
__rodata_align_4_size           = $0000 ; const, public, def, , ,
__rodata_align_4_tail           = $078E ; const, public, def, , ,
__rodata_align_64_head          = $078E ; const, public, def, , ,
__rodata_align_64_size          = $0000 ; const, public, def, , ,
__rodata_align_64_tail          = $078E ; const, public, def, , ,
__rodata_align_8_head           = $078E ; const, public, def, , ,
__rodata_align_8_size           = $0000 ; const, public, def, , ,
__rodata_align_8_tail           = $078E ; const, public, def, , ,
__rodata_appdor_head            = $078E ; const, public, def, , ,
__rodata_appdor_size            = $0000 ; const, public, def, , ,
__rodata_appdor_tail            = $078E ; const, public, def, , ,
__rodata_arch_head              = $073F ; const, public, def, , ,
__rodata_arch_size              = $0000 ; const, public, def, , ,
__rodata_arch_tail              = $073F ; const, public, def, , ,
__rodata_clib_head              = $0752 ; const, public, def, , ,
__rodata_clib_size              = $003C ; const, public, def, , ,
__rodata_clib_tail              = $078E ; const, public, def, , ,
__rodata_compiler_head          = $073F ; const, public, def, , ,
__rodata_compiler_size          = $0013 ; const, public, def, , ,
__rodata_compiler_tail          = $0752 ; const, public, def, , ,
__rodata_driver_head            = $01A9 ; const, public, def, , ,
__rodata_driver_size            = $0000 ; const, public, def, , ,
__rodata_driver_tail            = $01A9 ; const, public, def, , ,
__rodata_far_head               = $078E ; const, public, def, , ,
__rodata_far_size               = $0000 ; const, public, def, , ,
__rodata_far_tail               = $078E ; const, public, def, , ,
__rodata_font_4x8_head          = $078E ; const, public, def, , ,
__rodata_font_4x8_size          = $0000 ; const, public, def, , ,
__rodata_font_4x8_tail          = $078E ; const, public, def, , ,
__rodata_font_6x8_head          = $078E ; const, public, def, , ,
__rodata_font_6x8_size          = $0000 ; const, public, def, , ,
__rodata_font_6x8_tail          = $078E ; const, public, def, , ,
__rodata_font_8x10_head         = $078E ; const, public, def, , ,
__rodata_font_8x10_size         = $0000 ; const, public, def, , ,
__rodata_font_8x10_tail         = $078E ; const, public, def, , ,
__rodata_font_8x8_head          = $078E ; const, public, def, , ,
__rodata_font_8x8_size          = $0000 ; const, public, def, , ,
__rodata_font_8x8_tail          = $078E ; const, public, def, , ,
__rodata_font_ansi_head         = $078E ; const, public, def, , ,
__rodata_font_ansi_size         = $0000 ; const, public, def, , ,
__rodata_font_ansi_tail         = $078E ; const, public, def, , ,
__rodata_font_fzx_head          = $078E ; const, public, def, , ,
__rodata_font_fzx_size          = $0000 ; const, public, def, , ,
__rodata_font_fzx_tail          = $078E ; const, public, def, , ,
__rodata_font_head              = $078E ; const, public, def, , ,
__rodata_font_size              = $0000 ; const, public, def, , ,
__rodata_font_tail              = $078E ; const, public, def, , ,
__rodata_fp_am9511_head         = $073F ; const, public, def, , ,
__rodata_fp_am9511_size         = $0000 ; const, public, def, , ,
__rodata_fp_am9511_tail         = $073F ; const, public, def, , ,
__rodata_fp_dai32_head          = $073F ; const, public, def, , ,
__rodata_fp_dai32_size          = $0000 ; const, public, def, , ,
__rodata_fp_dai32_tail          = $073F ; const, public, def, , ,
__rodata_fp_head                = $073F ; const, public, def, , ,
__rodata_fp_math16_head         = $073F ; const, public, def, , ,
__rodata_fp_math16_size         = $0000 ; const, public, def, , ,
__rodata_fp_math16_tail         = $073F ; const, public, def, , ,
__rodata_fp_math32_head         = $073F ; const, public, def, , ,
__rodata_fp_math32_size         = $0000 ; const, public, def, , ,
__rodata_fp_math32_tail         = $073F ; const, public, def, , ,
__rodata_fp_math48_head         = $073F ; const, public, def, , ,
__rodata_fp_math48_size         = $0000 ; const, public, def, , ,
__rodata_fp_math48_tail         = $073F ; const, public, def, , ,
__rodata_fp_mbf32_head          = $073F ; const, public, def, , ,
__rodata_fp_mbf32_size          = $0000 ; const, public, def, , ,
__rodata_fp_mbf32_tail          = $073F ; const, public, def, , ,
__rodata_fp_mbf64_head          = $073F ; const, public, def, , ,
__rodata_fp_mbf64_size          = $0000 ; const, public, def, , ,
__rodata_fp_mbf64_tail          = $073F ; const, public, def, , ,
__rodata_fp_size                = $0000 ; const, public, def, , ,
__rodata_fp_tail                = $073F ; const, public, def, , ,
__rodata_graphics_head          = $078E ; const, public, def, , ,
__rodata_graphics_size          = $0000 ; const, public, def, , ,
__rodata_graphics_tail          = $078E ; const, public, def, , ,
__rodata_psg_head               = $078E ; const, public, def, , ,
__rodata_psg_size               = $0000 ; const, public, def, , ,
__rodata_psg_tail               = $078E ; const, public, def, , ,
__rodata_sound_ay_head          = $078E ; const, public, def, , ,
__rodata_sound_ay_size          = $0000 ; const, public, def, , ,
__rodata_sound_ay_tail          = $078E ; const, public, def, , ,
__rodata_sound_bit_head         = $078E ; const, public, def, , ,
__rodata_sound_bit_size         = $0000 ; const, public, def, , ,
__rodata_sound_bit_tail         = $078E ; const, public, def, , ,
__rodata_splib2_head            = $078E ; const, public, def, , ,
__rodata_splib2_size            = $0000 ; const, public, def, , ,
__rodata_splib2_tail            = $078E ; const, public, def, , ,
__rodata_user_head              = $078E ; const, public, def, , ,
__rodata_user_size              = $0000 ; const, public, def, , ,
__rodata_user_tail              = $078E ; const, public, def, , ,
__rodata_video_vdp_head         = $078E ; const, public, def, , ,
__rodata_video_vdp_size         = $0000 ; const, public, def, , ,
__rodata_video_vdp_tail         = $078E ; const, public, def, , ,
__sgoioblk                      = $8003 ; addr, public, , z80_crt0, bss_crt, C:/z88dk/bin/../lib/crt/classic/crt_section.inc:54
__sgoioblk_end                  = $8067 ; addr, public, , z80_crt0, bss_crt, C:/z88dk/bin/../lib/crt/classic/crt_section.inc:56
__size                          = $806D ; const, public, def, , ,
__smc_clib_head                 = $806D ; const, public, def, , ,
__smc_clib_size                 = $0000 ; const, public, def, , ,
__smc_clib_tail                 = $806D ; const, public, def, , ,
__smc_compress_head             = $806D ; const, public, def, , ,
__smc_compress_size             = $0000 ; const, public, def, , ,
__smc_compress_tail             = $806D ; const, public, def, , ,
__smc_fp_head                   = $806D ; const, public, def, , ,
__smc_fp_size                   = $0000 ; const, public, def, , ,
__smc_fp_tail                   = $806D ; const, public, def, , ,
__smc_sound_ay_head             = $806D ; const, public, def, , ,
__smc_sound_ay_size             = $0000 ; const, public, def, , ,
__smc_sound_ay_tail             = $806D ; const, public, def, , ,
__smc_user_head                 = $806D ; const, public, def, , ,
__smc_user_size                 = $0000 ; const, public, def, , ,
__smc_user_tail                 = $806D ; const, public, def, , ,
__smc_video_vdp_head            = $806D ; const, public, def, , ,
__smc_video_vdp_size            = $0000 ; const, public, def, , ,
__smc_video_vdp_tail            = $806D ; const, public, def, , ,
__tail                          = $806D ; const, public, def, , ,
_errno                          = $8001 ; addr, public, , _errno, bss_error, ../_DEVELOPMENT/error/z80/_errno.asm:7
_fchkstd                        = $022A ; addr, public, , stdio_fchkstd_c, code_compiler, stdio/fchkstd.c::fchkstd::0::0:22
_fgetc_cons                     = $0075 ; addr, public, , hardware_asm, code_user, hardware.asm:32
_fputc_callee                   = $01B4 ; addr, public, , stdio_fputc_callee_c, code_compiler, stdio/fputc_callee.c::wrapper_fputc_callee::0::0:20
_fputc_cons                     = $0066 ; addr, public, , z80_crt0, , C:/z88dk/bin/../lib/crt/classic/crt_runtime_selection.inc:539
_fputc_cons_native              = $0066 ; addr, public, , hardware_asm, code_user, hardware.asm:15
_main                           = $01A9 ; addr, public, , main_c, code_compiler, main.c::main::0::1:4
_wrapper_fputc_callee           = $01B4 ; addr, local, , stdio_fputc_callee_c, code_compiler, stdio/fputc_callee.c::wrapper_fputc_callee::0::0:20
_wrapper_fputc_callee_8080      = $022A ; addr, local, , stdio_fputc_callee_c, code_compiler, stdio/fputc_callee.c::wrapper_fputc_callee_8080::0::2:143
_wrapper_fputc_callee_z80       = $01C3 ; addr, local, , stdio_fputc_callee_c, code_compiler, stdio/fputc_callee.c::wrapper_fputc_callee_z80::0::1:54
_writebyte                      = $0635 ; addr, public, , writebyte, code_clib, writebyte.asm:13
adjust_width                    = $05AB ; addr, local, , __printf_print_aligned, code_clib, stdio/__printf_print_aligned.asm:36
again                           = $00F0 ; addr, local, , l_cpl_64_mhl, code_l, ../_DEVELOPMENT/l/util/5-z80/longlong/l_cpl_64_mhl.asm:19
again                           = $00C1 ; addr, local, , l_load_64_dehldehl_mbc, code_l, ../_DEVELOPMENT/l/util/5-z80/longlong/l_load_64_dehldehl_mbc.asm:20
alpha                           = $0127 ; addr, local, , l_num2char, code_l, ../_DEVELOPMENT/l/util/9-common/ascii/l_num2char.asm:24
asm0_atoi                       = $06F1 ; addr, public, , asm_atoi, code_stdlib, /home/build/z88dk/build/z88dk/libsrc/_DEVELOPMENT/stdlib/z80/asm_atoi.asm:32
asm0_ulltoa                     = $0713 ; addr, public, , asm_ulltoa, code_stdlib, /home/build/z88dk/build/z88dk/libsrc/_DEVELOPMENT/stdlib/z80/asm_ulltoa.asm:58
asm1_ulltoa                     = $0719 ; addr, public, , asm_ulltoa, code_stdlib, /home/build/z88dk/build/z88dk/libsrc/_DEVELOPMENT/stdlib/z80/asm_ulltoa.asm:63
asm_atoi                        = $06EE ; addr, public, , asm_atoi, code_stdlib, /home/build/z88dk/build/z88dk/libsrc/_DEVELOPMENT/stdlib/z80/asm_atoi.asm:20
asm_fputc_callee                = $01C3 ; addr, public, , stdio_fputc_callee_c, code_compiler, stdio/fputc_callee.c::wrapper_fputc_callee_z80::0::1:54
asm_isspace                     = $0636 ; addr, public, , asm_isspace, code_ctype, /home/build/z88dk/build/z88dk/libsrc/_DEVELOPMENT/ctype/z80/asm_isspace.asm:7
asm_printf                      = $0267 ; addr, public, , asm_printf, code_clib, stdio/asm_printf.asm:25
asm_strlen                      = $0734 ; addr, public, , asm_strlen, code_string, /home/build/z88dk/build/z88dk/libsrc/_DEVELOPMENT/string/z80/asm_strlen.asm:17
asm_ulltoa                      = $070C ; addr, public, , asm_ulltoa, code_stdlib, /home/build/z88dk/build/z88dk/libsrc/_DEVELOPMENT/stdlib/z80/asm_ulltoa.asm:24
base_graphics                   = $8067 ; addr, public, , z80_crt0, bss_crt, C:/z88dk/bin/../lib/crt/classic/crt_section.inc:61
buffer_done                     = $05CA ; addr, local, , __printf_print_aligned, code_clib, stdio/__printf_print_aligned.asm:71
change_ap_decrement             = $0615 ; addr, local, , get_16bit_ap_parameter, code_clib, stdio/get_16bit_ap_parameter.asm:34
check_long_qualifier            = $02D2 ; addr, local, , asm_printf, code_clib, stdio/asm_printf.asm:227
check_precision                 = $037F ; addr, local, , __printf_get_flags_impl, code_clib, stdio/__printf_get_flags_impl.asm:95
check_precision_from_format     = $0399 ; addr, local, , __printf_get_flags_impl, code_clib, stdio/__printf_get_flags_impl.asm:119
check_width                     = $0354 ; addr, local, , __printf_get_flags_impl, code_clib, stdio/__printf_get_flags_impl.asm:51
check_width_from_format         = $0368 ; addr, local, , __printf_get_flags_impl, code_clib, stdio/__printf_get_flags_impl.asm:73
common                          = $016B ; addr, local, , l_long_div_u, code_l_sccz80, ../_DEVELOPMENT/l/sccz80/5-z80/i32/l_long_div_u.asm:28
compute_lp                      = $071B ; addr, local, , asm_ulltoa, code_stdlib, /home/build/z88dk/build/z88dk/libsrc/_DEVELOPMENT/stdlib/z80/asm_ulltoa.asm:73
cont                            = $02AC ; addr, local, , asm_printf, code_clib, stdio/asm_printf.asm:192
continue                        = $051E ; addr, local, , __printf_number64, code_clib, stdio/__printf_number64.asm:57
crt0_exit                       = $00AB ; addr, local, , z80_crt0, code_crt_exit, C:/z88dk/bin/../lib/crt/classic/crt_section.inc:44
crt0_init                       = $0083 ; addr, local, , z80_crt0, code_crt_init, C:/z88dk/bin/../lib/crt/classic/crt_section.inc:25
crt_exit_loop_forever           = $0062 ; addr, local, , z80_crt0, , C:/z88dk/bin/../lib/crt/classic/crt_terminate.inc:16
divide_by_zero                  = $06AD ; addr, local, , l_small_divu_64_64x8, code_math, ../_DEVELOPMENT/math/integer/small/l_small_divu_64_64x8.asm:71
divide_zero                     = $0689 ; addr, local, , l_small_divu_32_32x32, code_math, ../_DEVELOPMENT/math/integer/small/l_small_divu_32_32x32.asm:120
divloop                         = $04D0 ; addr, local, , __printf_number, code_clib, stdio/__printf_number.asm:142
doprint_return                  = $0322 ; addr, local, , __printf_doprint, code_clib, stdio/__printf_doprint.asm:53
errno_mc                        = $06CE ; addr, public, , errno_mc, code_error, ../_DEVELOPMENT/error/z80/errno_mc.asm:21
errno_zc                        = $06B8 ; addr, public, , errno_zc, code_error, ../_DEVELOPMENT/error/z80/errno_zc.asm:21
error_divide_by_zero_mc         = $06CC ; addr, public, , error_divide_by_zero_mc, code_error, ../_DEVELOPMENT/error/z80/error_divide_by_zero_mc.asm:12
error_edom_mc                   = $06CC ; addr, public, , error_edom_mc, code_error, ../_DEVELOPMENT/error/z80/error_edom_mc.asm:57
error_einval_zc                 = $06B6 ; addr, public, , error_einval_zc, code_error, ../_DEVELOPMENT/error/z80/error_einval_zc.asm:43
error_llmc                      = $06DF ; addr, public, , error_llmc, code_error, ../_DEVELOPMENT/error/z80/error_llmc.asm:11
error_lmc                       = $06E8 ; addr, public, , error_lmc, code_error, ../_DEVELOPMENT/error/z80/error_lmc.asm:11
error_mc                        = $06D9 ; addr, public, , error_mc, code_error, ../_DEVELOPMENT/error/z80/error_mc.asm:11
error_zc                        = $06C4 ; addr, public, , error_zc, code_error, ../_DEVELOPMENT/error/z80/error_zc.asm:12
fchkstd                         = $022A ; addr, public, , stdio_fchkstd_c, code_compiler, stdio/fchkstd.c::fchkstd::0::0:22
fgetc_cons                      = $0075 ; addr, public, , hardware_asm, code_user, hardware.asm:31
flag_loop                       = $0337 ; addr, local, , __printf_get_flags_impl, code_clib, stdio/__printf_get_flags_impl.asm:19
flags                           = $0343 ; addr, local, , __printf_get_flags_impl, code_clib, stdio/__printf_get_flags_impl.asm:31
flags_again                     = $0331 ; addr, local, , __printf_get_flags_impl, code_clib, stdio/__printf_get_flags_impl.asm:15
fp_desc                         = $0000 ; const, local, , stdio_fputc_callee_c, , /home/build/z88dk/build/z88dk/lib/config//../..//include/stdio.h:127
fp_extra                        = $0004 ; const, local, , stdio_fputc_callee_c, , /home/build/z88dk/build/z88dk/lib/config//../..//include/stdio.h:127
fp_flags                        = $0002 ; const, local, , stdio_fputc_callee_c, , /home/build/z88dk/build/z88dk/lib/config//../..//include/stdio.h:127
fputc_callee                    = $01B4 ; addr, public, , stdio_fputc_callee_c, code_compiler, stdio/fputc_callee.c::wrapper_fputc_callee::0::0:20
fputc_cons                      = $0066 ; addr, public, , z80_crt0, , C:/z88dk/bin/../lib/crt/classic/crt_runtime_selection.inc:530
fputc_cons_native               = $0066 ; addr, public, , hardware_asm, code_user, hardware.asm:14
get_16bit_ap_parameter          = $0608 ; addr, public, , get_16bit_ap_parameter, code_clib, stdio/get_16bit_ap_parameter.asm:12
get_32bit_ap_parameter          = $0619 ; addr, public, , get_32bit_ap_parameter, code_clib, stdio/get_32bit_ap_parameter.asm:12
get_next_char                   = $02DA ; addr, local, , asm_printf, code_clib, stdio/asm_printf.asm:235
handle_percent                  = $02B5 ; addr, local, , asm_printf, code_clib, stdio/asm_printf.asm:199
handlelong                      = $0001 ; const, local, , __printf_number, code_clib, stdio/__printf_number.asm:21
i_1                             = $073F ; addr, local, , main_c, rodata_compiler, main.c::main::0::1:4
l0_divu_32_32x32                = $0647 ; addr, public, , l_divu_32_32x32, code_math, ../_DEVELOPMENT/math/integer/l_divu_32_32x32.asm:23
l0_divu_64_64x8                 = $0691 ; addr, public, , l_divu_64_64x8, code_math, ../_DEVELOPMENT/math/integer/l_divu_64_64x8.asm:20
l0_small_divu_32_32x32          = $0647 ; addr, public, , l_small_divu_32_32x32, code_math, ../_DEVELOPMENT/math/integer/small/l_small_divu_32_32x32.asm:44
l0_small_divu_64_64x8           = $0691 ; addr, public, , l_small_divu_64_64x8, code_math, ../_DEVELOPMENT/math/integer/small/l_small_divu_64_64x8.asm:38
l1_small_divu_32_32x32          = $0655 ; addr, public, , l_small_divu_32_32x32, code_math, ../_DEVELOPMENT/math/integer/small/l_small_divu_32_32x32.asm:60
l_atou                          = $0137 ; addr, public, , l_atou, code_l, ../_DEVELOPMENT/l/util/9-common/ascii/txt_to_num/l_atou.asm:31
l_compare_result                = $0192 ; addr, public, , l_compare_result, code_l_sccz80, ../_DEVELOPMENT/l/sccz80/9-common/l_compare_result.asm:6
l_cpl_64_mhl                    = $00ED ; addr, public, , l_cpl_64_mhl, code_l, ../_DEVELOPMENT/l/util/5-z80/longlong/l_cpl_64_mhl.asm:7
l_dcal                          = $0065 ; addr, public, , z80_crt0, , .\crt0.asm:112
l_divu_32_32x32                 = $0641 ; addr, public, , l_divu_32_32x32, code_math, ../_DEVELOPMENT/math/integer/l_divu_32_32x32.asm:22
l_divu_64_64x8                  = $068D ; addr, public, , l_divu_64_64x8, code_math, ../_DEVELOPMENT/math/integer/l_divu_64_64x8.asm:19
l_eat_sign                      = $010C ; addr, public, , l_eat_sign, code_l, ../_DEVELOPMENT/l/util/9-common/ascii/l_eat_sign.asm:7
l_eat_ws                        = $0118 ; addr, public, , l_eat_ws, code_l, ../_DEVELOPMENT/l/util/9-common/ascii/l_eat_ws.asm:9
l_ge                            = $0180 ; addr, public, , l_ge, code_l_sccz80, ../_DEVELOPMENT/l/sccz80/9-common/l_ge.asm:13
l_int2long_s                    = $0178 ; addr, public, , int2long_s, code_l_sccz80, ../_DEVELOPMENT/l/sccz80/5-z80/int2long_s.asm:10
l_jphl                          = $0198 ; addr, public, , l_jphl, code_l_sccz80, ../_DEVELOPMENT/l/sccz80/9-common/l_jphl.asm:7
l_load_64_dehldehl_mbc          = $00BE ; addr, public, , l_load_64_dehldehl_mbc, code_l, ../_DEVELOPMENT/l/util/5-z80/longlong/l_load_64_dehldehl_mbc.asm:7
l_long_div_u                    = $016A ; addr, public, , l_long_div_u, code_l_sccz80, ../_DEVELOPMENT/l/sccz80/5-z80/i32/l_long_div_u.asm:26
l_long_mod_u                    = $0167 ; addr, public, , l_long_div_u, code_l_sccz80, ../_DEVELOPMENT/l/sccz80/5-z80/i32/l_long_div_u.asm:23
l_long_neg                      = $00AC ; addr, public, , l_long_neg, code_l_sccz80, ../_DEVELOPMENT/l/sccz80/9-common/i32/l_long_neg.asm:12
l_neg_64_mhl                    = $00D1 ; addr, public, , l_neg_64_mhl, code_l, ../_DEVELOPMENT/l/util/5-z80/longlong/l_neg_64_mhl.asm:9
l_neg_dehl                      = $00AC ; addr, public, , l_neg_dehl, code_l, ../_DEVELOPMENT/l/sccz80/9-common/i32/l_neg_dehl.asm:7
l_neg_hl                        = $015F ; addr, public, , l_neg_hl, code_l, ../_DEVELOPMENT/l/util/9-common/integer/l_neg_hl.asm:15
l_num2char                      = $0120 ; addr, public, , l_num2char, code_l, ../_DEVELOPMENT/l/util/9-common/ascii/l_num2char.asm:7
l_ret                           = $019C ; addr, public, , l_ret, code_l_sccz80, ../_DEVELOPMENT/l/sccz80/9-common/l_ret.asm:14
l_small_atou                    = $0137 ; addr, public, , l_small_atou, code_l, ../_DEVELOPMENT/l/util/9-common/ascii/txt_to_num/small/l_small_atou.asm:7
l_small_divu_32_32x32           = $0641 ; addr, public, , l_small_divu_32_32x32, code_math, ../_DEVELOPMENT/math/integer/small/l_small_divu_32_32x32.asm:17
l_small_divu_64_64x8            = $068D ; addr, public, , l_small_divu_64_64x8, code_math, ../_DEVELOPMENT/math/integer/small/l_small_divu_64_64x8.asm:12
l_testzero_64_dehldehl          = $0101 ; addr, public, , l_testzero_64_dehldehl, code_l, ../_DEVELOPMENT/l/util/5-z80/longlong/l_testzero_64_dehldehl.asm:7
l_uge                           = $019D ; addr, public, , l_uge, code_l_sccz80, ../_DEVELOPMENT/l/sccz80/9-common/l_uge.asm:15
l_valid_base                    = $012A ; addr, public, , l_valid_base, code_l, ../_DEVELOPMENT/l/util/9-common/ascii/l_valid_base.asm:7
loop                            = $013C ; addr, local, , l_small_atou, code_l, ../_DEVELOPMENT/l/util/9-common/ascii/txt_to_num/small/l_small_atou.asm:26
loop_02                         = $06A7 ; addr, local, , l_small_divu_64_64x8, code_math, ../_DEVELOPMENT/math/integer/small/l_small_divu_64_64x8.asm:59
loop_03                         = $06A9 ; addr, local, , l_small_divu_64_64x8, code_math, ../_DEVELOPMENT/math/integer/small/l_small_divu_64_64x8.asm:64
loop_0                          = $0658 ; addr, local, , l_small_divu_32_32x32, code_math, ../_DEVELOPMENT/math/integer/small/l_small_divu_32_32x32.asm:69
loop_11                         = $0694 ; addr, local, , l_small_divu_64_64x8, code_math, ../_DEVELOPMENT/math/integer/small/l_small_divu_64_64x8.asm:43
loop_1                          = $0674 ; addr, local, , l_small_divu_32_32x32, code_math, ../_DEVELOPMENT/math/integer/small/l_small_divu_32_32x32.asm:94
miniprintn                      = $048D ; addr, local, , __printf_number, code_clib, stdio/__printf_number.asm:54
miniprintn_start_process        = $04CE ; addr, local, , __printf_number, code_clib, stdio/__printf_number.asm:138
no_cons                         = $021C ; addr, local, , stdio_fputc_callee_c, code_compiler, stdio/fputc_callee.c::wrapper_fputc_callee_z80::0::1:54
no_flag                         = $034D ; addr, local, , __printf_get_flags_impl, code_clib, stdio/__printf_get_flags_impl.asm:37
no_format_found                 = $02F4 ; addr, local, , asm_printf, code_clib, stdio/asm_printf.asm:265
no_format_match                 = $02EF ; addr, local, , asm_printf, code_clib, stdio/asm_printf.asm:260
no_inc                          = $030C ; addr, local, , __printf_doprint, code_clib, stdio/__printf_doprint.asm:34
no_long_qualifier               = $02DC ; addr, local, , asm_printf, code_clib, stdio/asm_printf.asm:242
no_net                          = $020D ; addr, local, , stdio_fputc_callee_c, code_compiler, stdio/fputc_callee.c::wrapper_fputc_callee_z80::0::1:54
no_precision                    = $03A7 ; addr, local, , __printf_get_flags_impl, code_clib, stdio/__printf_get_flags_impl.asm:135
no_string                       = $01F8 ; addr, local, , stdio_fputc_callee_c, code_compiler, stdio/fputc_callee.c::wrapper_fputc_callee_z80::0::1:54
noneg                           = $049E ; addr, local, , __printf_number, code_clib, stdio/__printf_number.asm:75
noneg                           = $0531 ; addr, local, , __printf_number64, code_clib, stdio/__printf_number64.asm:70
not_negative                    = $06FE ; addr, local, , asm_atoi, code_stdlib, /home/build/z88dk/build/z88dk/libsrc/_DEVELOPMENT/stdlib/z80/asm_atoi.asm:45
nullstr                         = $0787 ; addr, local, , __printf_handle_s, rodata_clib, stdio/__printf_handle_s.asm:44
number64_start_process          = $0561 ; addr, local, , __printf_number64, code_clib, stdio/__printf_number64.asm:92
overflow                        = $0708 ; addr, local, , asm_atoi, code_stdlib, /home/build/z88dk/build/z88dk/libsrc/_DEVELOPMENT/stdlib/z80/asm_atoi.asm:62
overflow                        = $015C ; addr, local, , l_small_atou, code_l, ../_DEVELOPMENT/l/util/9-common/ascii/txt_to_num/small/l_small_atou.asm:63
pickup_sccz80_llong             = $04FC ; addr, local, , __printf_number64, code_clib, stdio/__printf_number64.asm:20
pickuplong_sccz80               = $0629 ; addr, local, , get_32bit_ap_parameter, code_clib, stdio/get_32bit_ap_parameter.asm:33
print_buffer                    = $05B7 ; addr, local, , __printf_print_aligned, code_clib, stdio/__printf_print_aligned.asm:55
print_buffer_end                = $05CA ; addr, local, , __printf_print_aligned, code_clib, stdio/__printf_print_aligned.asm:74
print_char_to_buf               = $01DF ; addr, local, , stdio_fputc_callee_c, code_compiler, stdio/fputc_callee.c::wrapper_fputc_callee_z80::0::1:54
print_format_character          = $02B0 ; addr, local, , asm_printf, code_clib, stdio/asm_printf.asm:195
print_padding                   = $05D8 ; addr, local, , __printf_print_aligned, code_clib, stdio/__printf_print_aligned.asm:87
print_padding_loop              = $05CC ; addr, local, , __printf_print_aligned, code_clib, stdio/__printf_print_aligned.asm:76
printf                          = $0241 ; addr, public, , printf, code_clib, stdio/printf.asm:23
printf_number16                 = $0481 ; addr, local, , __printf_number, code_clib, stdio/__printf_number.asm:44
printlong                       = $047C ; addr, local, , __printf_number, code_clib, stdio/__printf_number.asm:37
printloop1                      = $04F7 ; addr, local, , __printf_number, code_clib, stdio/__printf_number.asm:207
printloop                       = $04E8 ; addr, local, , __printf_number, code_clib, stdio/__printf_number.asm:194
printsign                       = $0499 ; addr, local, , __printf_number, code_clib, stdio/__printf_number.asm:70
printsign                       = $052C ; addr, local, , __printf_number64, code_clib, stdio/__printf_number64.asm:66
printstr                        = $0444 ; addr, local, , __printf_handle_s, code_clib, stdio/__printf_handle_s.asm:20
printstr_end                    = $045B ; addr, local, , __printf_handle_s, code_clib, stdio/__printf_handle_s.asm:38
save_precision                  = $039E ; addr, local, , __printf_get_flags_impl, code_clib, stdio/__printf_get_flags_impl.asm:125
save_width                      = $0376 ; addr, local, , __printf_get_flags_impl, code_clib, stdio/__printf_get_flags_impl.asm:85
sio_init                        = $0046 ; addr, local, , z80_crt0, , .\crt0.asm:83
sio_init_data                   = $0050 ; addr, local, , z80_crt0, , .\crt0.asm:89
sio_rx_ready_loop               = $0076 ; addr, local, , hardware_asm, code_user, hardware.asm:35
sio_tx_ready_loop               = $006B ; addr, local, , hardware_asm, code_user, hardware.asm:22
starred_width                   = $0360 ; addr, local, , __printf_get_flags_impl, code_clib, stdio/__printf_get_flags_impl.asm:63
start                           = $003B ; addr, local, , z80_crt0, , .\crt0.asm:61
use_strlen                      = $0457 ; addr, local, , __printf_handle_s, code_clib, stdio/__printf_handle_s.asm:35
width_done                      = $05AE ; addr, local, , __printf_print_aligned, code_clib, stdio/__printf_print_aligned.asm:49
write_lp                        = $072D ; addr, local, , asm_ulltoa, code_stdlib, /home/build/z88dk/build/z88dk/libsrc/_DEVELOPMENT/stdlib/z80/asm_ulltoa.asm:98
writebyte                       = $0635 ; addr, public, , writebyte, code_clib, writebyte.asm:12
